[arithmetic-expr_add] in callbacks.cairo:24:18
[arithmetic-expr_sub] in callbacks.cairo:24:18
[unused-arguments] in callbacks.cairo:1:49